Create a Vm and 2 Harddrive   

Run the below Command

1  lsblk
    2  pvcreate /dev/sdb /dev/sdc
    3  vgcreate HPCSA /dev/sdb /dev/sdc
    4  lvcreate -n hpcsa_lab --size 1G HPCSA
    5  fdisk /dev/mapper/HPCSA-hpcsa_lab
    6  mkfs.ext4 /dev/mapper/HPCSA-hpcsa_lab
    7  mkdir lab
    8  mount /dev/mapper/HPCSA-hpcsa_lab lab
    9  lvextend -L +2G /dev/mapper/HPCSA-hpcsa_lab
   10  resize2fs /dev/mapper/HPCSA-hpcsa_lab
   11  lvcreate -L 1GB -s -n hpcsa_lab_snap /dev/mapper/HPCSA-hpcsa_lab
   12  lvconvert --merge /dev/mapper/HPCSA-hpcsa_lab_snap
   13  lsblk
   14  vgcreate HPCSA /dev/sdb /dev/sdclsblk
   15  vgs
   16  vgextend HPCSA /dev/sdd
   17  vgextend HPCSA /dev/sdc
   18   vgs
   19  lvconvert --merge /dev/mapper/HPCSA-hpcsa_lab
   20  lvconvert --merge /dev/mapper/HPCSA-hpcsa_lab_snap
   21  lsblk
   22  lvcreate -n hpcsa_lab2 --size 1G HPCSA
   23  lsblk
   24  lvcreate -n hpcsa_lab3 --size 1G HPCSA
   25  lsblk
   26  lvs
   27  pvs



login as: root
root@192.168.129.253's password:
Last login: Sun Jul 30 00:02:43 2023
[root@localhost ~]# lsblk
NAME            MAJ:MIN RM  SIZE RO TYPE MOUNTPOINT
sda               8:0    0   20G  0 disk
├─sda1            8:1    0    1G  0 part /boot
└─sda2            8:2    0   19G  0 part
  ├─centos-root 253:0    0   17G  0 lvm  /
  └─centos-swap 253:1    0    2G  0 lvm  [SWAP]
sdb               8:16   0   20G  0 disk
sdc               8:32   0   20G  0 disk
sr0              11:0    1  973M  0 rom
[root@localhost ~]# pvcreate /dev/sdb /dev/sdc
  Physical volume "/dev/sdb" successfully created.
  Physical volume "/dev/sdc" successfully created.
[root@localhost ~]# vgcreate HPCSA /dev/sdb /dev/sdc
  Volume group "HPCSA" successfully created
[root@localhost ~]# lvcreate -n hpcsa_lab --size 1G HPCSA
  Logical volume "hpcsa_lab" created.
[root@localhost ~]# fdisk /dev/mapper/HPCSA-hpcsa_lab
Welcome to fdisk (util-linux 2.23.2).

Changes will remain in memory only, until you decide to write them.
Be careful before using the write command.

Device does not contain a recognized partition table
Building a new DOS disklabel with disk identifier 0x3fb50ec3.

Command (m for help): m
Command action
   a   toggle a bootable flag
   b   edit bsd disklabel
   c   toggle the dos compatibility flag
   d   delete a partition
   g   create a new empty GPT partition table
   G   create an IRIX (SGI) partition table
   l   list known partition types
   m   print this menu
   n   add a new partition
   o   create a new empty DOS partition table
   p   print the partition table
   q   quit without saving changes
   s   create a new empty Sun disklabel
   t   change a partition's system id
   u   change display/entry units
   v   verify the partition table
   w   write table to disk and exit
   x   extra functionality (experts only)

Command (m for help): n
Partition type:
   p   primary (0 primary, 0 extended, 4 free)
   e   extended
Select (default p): p
Partition number (1-4, default 1):
First sector (2048-2097151, default 2048):
Using default value 2048
Last sector, +sectors or +size{K,M,G} (2048-2097151, default 2097151):
Using default value 2097151
Partition 1 of type Linux and of size 1023 MiB is set

Command (m for help): w
The partition table has been altered!

Calling ioctl() to re-read partition table.

WARNING: Re-reading the partition table failed with error 22: Invalid ar                                                                          gument.
The kernel still uses the old table. The new table will be used at
the next reboot or after you run partprobe(8) or kpartx(8)
Syncing disks.
[root@localhost ~]# mkfs.ext4 /dev/mapper/HPCSA-hpcsa_lab
mke2fs 1.42.9 (28-Dec-2013)
Filesystem label=
OS type: Linux
Block size=4096 (log=2)
Fragment size=4096 (log=2)
Stride=0 blocks, Stripe width=0 blocks
65536 inodes, 262144 blocks
13107 blocks (5.00%) reserved for the super user
First data block=0
Maximum filesystem blocks=268435456
8 block groups
32768 blocks per group, 32768 fragments per group
8192 inodes per group
Superblock backups stored on blocks:
        32768, 98304, 163840, 229376

Allocating group tables: done
Writing inode tables: done
Creating journal (8192 blocks): done
Writing superblocks and filesystem accounting information: done

[root@localhost ~]# mkdir lab
[root@localhost ~]# mount /dev/mapper/HPCSA-hpcsa_lab lab
[root@localhost ~]# lvextend -L +2G /dev/mapper/HPCSA-hpcsa_lab
  Size of logical volume HPCSA/hpcsa_lab changed from 1.00 GiB (256 exte                                                                          nts) to 3.00 GiB (768 extents).
  Logical volume HPCSA/hpcsa_lab successfully resized.
[root@localhost ~]# resize2fs /dev/mapper/HPCSA-hpcsa_lab
resize2fs 1.42.9 (28-Dec-2013)
Filesystem at /dev/mapper/HPCSA-hpcsa_lab is mounted on /root/lab; on-li                                                                          ne resizing required
old_desc_blocks = 1, new_desc_blocks = 1
The filesystem on /dev/mapper/HPCSA-hpcsa_lab is now 786432 blocks long.

[root@localhost ~]# lvcreate -L 1GB -s -n hpcsa_lab_snap /dev/mapper/HPC                                                                          SA-hpcsa_lab
  Logical volume "hpcsa_lab_snap" created.
[root@localhost ~]# lvconvert --merge /dev/mapper/HPCSA-hpcsa_lab_snap
  Delaying merge since origin is open.
  Merging of snapshot HPCSA/hpcsa_lab_snap will occur on next activation                                                                           of HPCSA/hpcsa_lab.
[root@localhost ~]# lsblk
NAME                       MAJ:MIN RM  SIZE RO TYPE MOUNTPOINT
sda                          8:0    0   20G  0 disk
├─sda1                       8:1    0    1G  0 part /boot
└─sda2                       8:2    0   19G  0 part
  ├─centos-root            253:0    0   17G  0 lvm  /
  └─centos-swap            253:1    0    2G  0 lvm  [SWAP]
sdb                          8:16   0   20G  0 disk
├─HPCSA-hpcsa_lab-real     253:3    0    3G  0 lvm
│ ├─HPCSA-hpcsa_lab        253:2    0    3G  0 lvm  /root/lab
│ └─HPCSA-hpcsa_lab_snap   253:5    0    3G  0 lvm
└─HPCSA-hpcsa_lab_snap-cow 253:4    0    1G  0 lvm
  └─HPCSA-hpcsa_lab_snap   253:5    0    3G  0 lvm
sdc                          8:32   0   20G  0 disk
sr0                         11:0    1  973M  0 rom
[root@localhost ~]# vgcreate HPCSA /dev/sdb /dev/sdclsblk
  /dev/HPCSA: already exists in filesystem
  Run `vgcreate --help' for more information.
[root@localhost ~]# vgs
  VG     #PV #LV #SN Attr   VSize   VFree
  HPCSA    2   1   1 wz--n-  39.99g 35.99g
  centos   1   2   0 wz--n- <19.00g     0
[root@localhost ~]# vgextend HPCSA /dev/sdd
  Device /dev/sdd not found.
[root@localhost ~]# vgextend HPCSA /dev/sd
sda   sda1  sda2  sdb   sdc
[root@localhost ~]# vgextend HPCSA /dev/sdc
  Physical volume '/dev/sdc' is already in volume group 'HPCSA'
  Unable to add physical volume '/dev/sdc' to volume group 'HPCSA'
  /dev/sdc: physical volume not initialized.
[root@localhost ~]#  vgs
  VG     #PV #LV #SN Attr   VSize   VFree
  HPCSA    2   1   1 wz--n-  39.99g 35.99g
  centos   1   2   0 wz--n- <19.00g     0
[root@localhost ~]# lvconvert --merge /dev/mapper/HPCSA-hpcsa_lab
  Command on LV HPCSA/hpcsa_lab is invalid on LV with properties: lv_is_                                                                          merging_origin .
  Command not permitted on LV HPCSA/hpcsa_lab.
[root@localhost ~]# lvconvert --merge /dev/mapper/HPCSA-hpcsa_lab_snap
  Command on LV HPCSA/hpcsa_lab_snap is invalid on LV with properties: l                                                                          v_is_merging_cow .
  Command not permitted on LV HPCSA/hpcsa_lab_snap.
[root@localhost ~]# lsblk
NAME                       MAJ:MIN RM  SIZE RO TYPE MOUNTPOINT
sda                          8:0    0   20G  0 disk
├─sda1                       8:1    0    1G  0 part /boot
└─sda2                       8:2    0   19G  0 part
  ├─centos-root            253:0    0   17G  0 lvm  /
  └─centos-swap            253:1    0    2G  0 lvm  [SWAP]
sdb                          8:16   0   20G  0 disk
├─HPCSA-hpcsa_lab-real     253:3    0    3G  0 lvm
│ ├─HPCSA-hpcsa_lab        253:2    0    3G  0 lvm  /root/lab
│ └─HPCSA-hpcsa_lab_snap   253:5    0    3G  0 lvm
└─HPCSA-hpcsa_lab_snap-cow 253:4    0    1G  0 lvm
  └─HPCSA-hpcsa_lab_snap   253:5    0    3G  0 lvm
sdc                          8:32   0   20G  0 disk
sr0                         11:0    1  973M  0 rom
[root@localhost ~]# lvcreate -n hpcsa_lab2 --size 1G HPCSA
  Logical volume "hpcsa_lab2" created.
[root@localhost ~]# lsblk
NAME                       MAJ:MIN RM  SIZE RO TYPE MOUNTPOINT
sda                          8:0    0   20G  0 disk
├─sda1                       8:1    0    1G  0 part /boot
└─sda2                       8:2    0   19G  0 part
  ├─centos-root            253:0    0   17G  0 lvm  /
  └─centos-swap            253:1    0    2G  0 lvm  [SWAP]
sdb                          8:16   0   20G  0 disk
├─HPCSA-hpcsa_lab-real     253:3    0    3G  0 lvm
│ ├─HPCSA-hpcsa_lab        253:2    0    3G  0 lvm  /root/lab
│ └─HPCSA-hpcsa_lab_snap   253:5    0    3G  0 lvm
├─HPCSA-hpcsa_lab_snap-cow 253:4    0    1G  0 lvm
│ └─HPCSA-hpcsa_lab_snap   253:5    0    3G  0 lvm
└─HPCSA-hpcsa_lab2         253:6    0    1G  0 lvm
sdc                          8:32   0   20G  0 disk
sr0                         11:0    1  973M  0 rom
[root@localhost ~]# lvcreate -n hpcsa_lab3 --size 1G HPCSA
  Logical volume "hpcsa_lab3" created.
[root@localhost ~]# lsblk
NAME                       MAJ:MIN RM  SIZE RO TYPE MOUNTPOINT
sda                          8:0    0   20G  0 disk
├─sda1                       8:1    0    1G  0 part /boot
└─sda2                       8:2    0   19G  0 part
  ├─centos-root            253:0    0   17G  0 lvm  /
  └─centos-swap            253:1    0    2G  0 lvm  [SWAP]
sdb                          8:16   0   20G  0 disk
├─HPCSA-hpcsa_lab-real     253:3    0    3G  0 lvm
│ ├─HPCSA-hpcsa_lab        253:2    0    3G  0 lvm  /root/lab
│ └─HPCSA-hpcsa_lab_snap   253:5    0    3G  0 lvm
├─HPCSA-hpcsa_lab_snap-cow 253:4    0    1G  0 lvm
│ └─HPCSA-hpcsa_lab_snap   253:5    0    3G  0 lvm
├─HPCSA-hpcsa_lab2         253:6    0    1G  0 lvm
└─HPCSA-hpcsa_lab3         253:7    0    1G  0 lvm
sdc                          8:32   0   20G  0 disk
sr0                         11:0    1  973M  0 rom
[root@localhost ~]# lvs
  LV         VG     Attr       LSize   Pool Origin Data%  Meta%  Move Lo                                                                          g Cpy%Sync Convert
  hpcsa_lab  HPCSA  Owi-aos---   3.00g                                                                                                            
  hpcsa_lab2 HPCSA  -wi-a-----   1.00g                                                                                                            
  hpcsa_lab3 HPCSA  -wi-a-----   1.00g                                                                                                            
  root       centos -wi-ao---- <17.00g                                                                                                            
  swap       centos -wi-ao----   2.00g                                                                                                            
[root@localhost ~]# pvs
  PV         VG     Fmt  Attr PSize   PFree
  /dev/sda2  centos lvm2 a--  <19.00g      0
  /dev/sdb   HPCSA  lvm2 a--  <20.00g <14.00g
  /dev/sdc   HPCSA  lvm2 a--  <20.00g <20.00g

